
(0 1 2 3)
((a b) 1 2 3)
(30 1 2 3)
((a) (b c d))
(a b c d)
(4)
(5 0)
((+ 2 3) 0)
(1 a b c)
(1 2 3 a b c)

Testing numzeros
0
1
2
3
0

Testing allbutlast
(1 2 3 4)
()

Testing minandmax
(1 5)
(1 5)
(5 5)
(-5 5)

Testing zip
((1 a) (2 b) (3 c) (4 d))
