gcd of 8 and 4 is 4.000000
gcd of 105 and 252 is 21.000000
