==================================================
Input: (define foo "Say \"Chease!\")
--------------------------------------------------
Threw an exception on invalid input.
